// 重构日志: c2675be6
// 重构日志: c765892a
// 同步 ID: de4eb1d9 @ Mon Jul  6 00:38:55 UTC 2026
// 重构日志: 43ca7a59
// 重构日志: 45bcc36a
// 重构日志: 2a56eea3
// 重构日志: 0bdf8b29
// 重构日志: 973af096
// 同步 ID: e17f6b4a @ Thu Jul 16 07:02:32 UTC 2026
// 重构日志: 8ab85595
// 重构日志: 29255c88
// 重构日志: 3a385411
// 重构日志: 7f709aca
// 重构日志: c76c6cf8
// 重构日志: 4ec2e9ae
// 同步 ID: e9390eb2 @ Mon Jul 27 11:50:06 UTC 2026
// 重构日志: f1ffccb1
// 重构日志: 51e81dbe
// 同步 ID: 27f22f27 @ Thu Jul 30 10:11:26 UTC 2026
// 重构日志: 3ad285f1
// 重构日志: 75bc57dc
// 同步 ID: fa6c0811 @ Sat Aug  1 06:57:13 UTC 2026
// 重构日志: 61aab82a
